2025-05-16 12:24:36 [main] INFO  org.springframework.test.context.support.AnnotationConfigContextLoaderUtils - Could not detect default configuration classes for test class [com.example.demo.DemoApplicationTests]: DemoApplicationTests does not declare any static, non-private, non-final, nested classes annotated with @Configuration.
2025-05-16 12:24:37 [main] INFO  org.springframework.boot.test.context.SpringBootTestContextBootstrapper - Found @SpringBootConfiguration com.example.demo.DemoApplication for test class com.example.demo.DemoApplicationTests
2025-05-16 12:24:37 [main] INFO  com.example.demo.DemoApplicationTests - Starting DemoApplicationTests using Java 21.0.1 with PID 46924 (started by Rithika in C:\Users\Rithika\OneDrive\Desktop\demo)
2025-05-16 12:24:37 [main] DEBUG com.example.demo.DemoApplicationTests - Running with Spring Boot v3.4.5, Spring v6.2.6
2025-05-16 12:24:37 [main] INFO  com.example.demo.DemoApplicationTests - No active profile set, falling back to 1 default profile: "default"
2025-05-16 12:24:39 [main] INFO  com.example.demo.DemoApplicationTests - Started DemoApplicationTests in 2.551 seconds (process running for 4.441)
2025-05-16 14:19:31.855 [main] INFO  com.example.demo.DemoApplication - Starting DemoApplication using Java 21.0.1 with PID 47296 (C:\Users\Rithika\OneDrive\Desktop\demo\target\classes started by Rithika in C:\Users\Rithika\OneDrive\Desktop\demo)
2025-05-16 14:19:31.866 [main] DEBUG com.example.demo.DemoApplication - Running with Spring Boot v3.4.5, Spring v6.2.6
2025-05-16 14:19:31.868 [main] INFO  com.example.demo.DemoApplication - No active profile set, falling back to 1 default profile: "default"
2025-05-16 14:19:32.939 [main] INFO  org.springframework.boot.web.embedded.tomcat.TomcatWebServer - Tomcat initialized with port 8080 (http)
2025-05-16 14:19:32.955 [main] INFO  org.apache.coyote.http11.Http11NioProtocol - Initializing ProtocolHandler ["http-nio-8080"]
2025-05-16 14:19:32.960 [main] INFO  org.apache.catalina.core.StandardService - Starting service [Tomcat]
2025-05-16 14:19:32.961 [main] INFO  org.apache.catalina.core.StandardEngine - Starting Servlet engine: [Apache Tomcat/10.1.40]
2025-05-16 14:19:33.022 [main] INFO  org.apache.catalina.core.ContainerBase.[Tomcat].[localhost].[/] - Initializing Spring embedded WebApplicationContext
2025-05-16 14:19:33.024 [main] INFO  org.springframework.boot.web.servlet.context.ServletWebServerApplicationContext - Root WebApplicationContext: initialization completed in 1108 ms
2025-05-16 14:19:33.429 [main] INFO  org.apache.coyote.http11.Http11NioProtocol - Starting ProtocolHandler ["http-nio-8080"]
2025-05-16 14:19:33.468 [main] INFO  org.springframework.boot.web.embedded.tomcat.TomcatWebServer - Tomcat started on port 8080 (http) with context path '/'
2025-05-16 14:19:33.476 [main] INFO  com.example.demo.DemoApplication - Started DemoApplication in 2.013 seconds (process running for 2.818)
2025-05-16 14:19:48.793 [http-nio-8080-exec-1] INFO  org.apache.catalina.core.ContainerBase.[Tomcat].[localhost].[/] - Initializing Spring DispatcherServlet 'dispatcherServlet'
2025-05-16 14:19:48.794 [http-nio-8080-exec-1] INFO  org.springframework.web.servlet.DispatcherServlet - Initializing Servlet 'dispatcherServlet'
2025-05-16 14:19:48.795 [http-nio-8080-exec-1] INFO  org.springframework.web.servlet.DispatcherServlet - Completed initialization in 1 ms
2025-05-16 14:19:48.831 [http-nio-8080-exec-1] INFO  com.example.demo.TestController - {"timestamp":"2025-05-16T08:49:48.830995800Z","level":"INFO","message":"Test log message","traceId":"4fa8f35df97f427a80516c8dc2f40376","userId":"user-123","tenantId":"tenant-abc","sessionId":"session-1747385388826","durationMs":0,"data":{logType=TestLog, log=Test log message, logSource=SpringBootService},"logger":"com.example.demo.TestController"}
